C51 COMPILER V9.56.0.0   YX23F01CB_SYS                                                     11/22/2020 21:53:35 PAGE 1   


C51 COMPILER V9.56.0.0, COMPILATION OF MODULE YX23F01CB_SYS
OBJECT MODULE PLACED IN .\Output\YX23F01CB_SYS.obj
COMPILER INVOKED BY: F:\Keil\C51\BIN\C51.EXE ..\..\User\C\YX23F01CB_SYS.c OPTIMIZE(8,SPEED) BROWSE INCDIR(..\..\Applicat
                    -ion;..\..\User\INC;..\..\Libraries;..\..\Libraries;..\..\User\INC) DEBUG OBJECTEXTEND PRINT(.\List\YX23F01CB_SYS.lst) TA
                    -BS(2) OBJECT(.\Output\YX23F01CB_SYS.obj)

line level    source

   1          
   2          #include  "YX23F01CB.h"
   3          #include  "YX23F01CB_SYS.h"
   4          
   5          /****************************************************************************
   6          * Function Name  :
   7          * Description    :
   8          * Input          : None
   9          * Output         : None
  10          * Return         : None
  11          ****************************************************************************/
  12          void SystemInit(void)
  13          {
  14   1        //SYS CLOCK
  15   1        CLKSWR = (SYSCLK_SEL << 4) | SYSCLK_HSRC_DIV;
  16   1      
  17   1        CLKDIV = SYSCLK_FCPU_DIV;
  18   1      
  19   1        //BOR
  20   1      #if  1
  21   1        RSTDBC = 0XFF;      //Timer = RSTDBC*8*Tcpu + 2Tcpu
  22   1        BORC = bmBOREN | bmBOR_DBC_EN | BOR_SET_2V4 ;     //
  23   1      #else
                BORC = BORC & ~bmBOREN;
              #endif
  26   1      }
  27          
  28          /*********************************END OF FILE************************************/
  29          


MODULE INFORMATION:   STATIC OVERLAYABLE
   CODE SIZE        =     22    ----
   CONSTANT SIZE    =   ----    ----
   XDATA SIZE       =   ----    ----
   PDATA SIZE       =   ----    ----
   DATA SIZE        =   ----    ----
   IDATA SIZE       =   ----    ----
   BIT SIZE         =   ----    ----
END OF MODULE INFORMATION.


C51 COMPILATION COMPLETE.  0 WARNING(S),  0 ERROR(S)
