C51 COMPILER V9.56.0.0   YX23F01CB_SYS                                                     12/12/2020 12:37:36 PAGE 1   


C51 COMPILER V9.56.0.0, COMPILATION OF MODULE YX23F01CB_SYS
OBJECT MODULE PLACED IN .\Output\YX23F01CB_SYS.obj
COMPILER INVOKED BY: F:\Keil\C51\BIN\C51.EXE ..\..\User\C\YX23F01CB_SYS.c OMF2 OPTIMIZE(8,SPEED) BROWSE INCDIR(..\..\App
                    -lication;..\..\User\INC;..\..\Libraries) DEBUG PRINT(.\List\YX23F01CB_SYS.lst) TABS(2) OBJECT(.\Output\YX23F01CB_SYS.obj
                    -)

line level    source

   1          
   2          /*******************************************************************************/
   3          #include  "YX23F01CB.h"
   4          #include  "YX23F01CB_SYS.h"
   5          
   6          /****************************************************************************
   7          * Function Name  :
   8          * Description    :
   9          * Input          : None
  10          * Output         : None
  11          * Return         : None
  12          ****************************************************************************/
  13          void SystemInit(void)
  14          {
  15   1        //SYS CLOCK
  16   1        CLKSWR = (SYSCLK_SEL << 4) | SYSCLK_HSRC_DIV;
  17   1      
  18   1        CLKDIV = SYSCLK_FCPU_DIV;
  19   1      
  20   1        //BOR
  21   1      #if  1
  22   1        RSTDBC = 0XFF;      //Timer = RSTDBC*8*Tcpu + 2Tcpu
  23   1        BORC = bmBOREN | bmBOR_DBC_EN | BOR_SET_2V4 ;     //
  24   1      #else
                BORC = BORC & ~bmBOREN;
              #endif
  27   1      }
  28          
  29          /*********************************END OF FILE************************************/
  30          


MODULE INFORMATION:   STATIC OVERLAYABLE
   CODE SIZE        =     22    ----
   CONSTANT SIZE    =   ----    ----
   XDATA SIZE       =   ----    ----
   PDATA SIZE       =   ----    ----
   DATA SIZE        =   ----    ----
   IDATA SIZE       =   ----    ----
   BIT SIZE         =   ----    ----
   EDATA SIZE       =   ----    ----
   HDATA SIZE       =   ----    ----
   XDATA CONST SIZE =   ----    ----
   FAR CONST SIZE   =   ----    ----
END OF MODULE INFORMATION.


C51 COMPILATION COMPLETE.  0 WARNING(S),  0 ERROR(S)
